app\modules\agent\knowledge.py:162: error: Missing type arguments for generic type "Counter"  [type-arg]
app\modules\agent\knowledge.py:170: error: Missing type arguments for generic type "Counter"  [type-arg]
app\modules\agent\knowledge.py:194: error: Missing type arguments for generic type "Counter"  [type-arg]
app\modules\agent\knowledge.py:201: error: Missing type arguments for generic type "Counter"  [type-arg]
app\modules\agent\schemas.py:53: error: Missing type arguments for generic type "dict"  [type-arg]
app\modules\port\schemas.py:23: error: Argument "default_factory" to "Field" has incompatible type "Callable[[], list[str]]"; expected "Callable[[], list[Literal['bulk', 'general', 'container', 'tanker']]] | Callable[[dict[str, Any]], list[Literal['bulk', 'general', 'container', 'tanker']]]"  [arg-type]
app\models\user.py:35: error: Missing type arguments for generic type "list"  [type-arg]
app\models\port.py:53: error: Missing type arguments for generic type "list"  [type-arg]
app\modules\ship\service.py:14: error: Function is missing a type annotation for one or more parameters  [no-untyped-def]
app\modules\ship\service.py:35: error: Function is missing a type annotation for one or more parameters  [no-untyped-def]
app\modules\port\service.py:31: error: Function is missing a type annotation for one or more parameters  [no-untyped-def]
app\modules\port\service.py:56: error: Function is missing a type annotation for one or more parameters  [no-untyped-def]
app\modules\port\service.py:111: error: Function is missing a type annotation for one or more parameters  [no-untyped-def]
app\modules\payment\service.py:35: error: Function is missing a type annotation for one or more parameters  [no-untyped-def]
app\modules\cargo\service.py:16: error: Function is missing a type annotation for one or more parameters  [no-untyped-def]
app\modules\cargo\service.py:39: error: Function is missing a type annotation for one or more parameters  [no-untyped-def]
app\modules\agent\contract.py:102: error: Missing type arguments for generic type "dict"  [type-arg]
app\modules\agent\contract.py:104: error: Missing type arguments for generic type "dict"  [type-arg]
app\modules\order\service.py:61: error: Function is missing a type annotation for one or more parameters  [no-untyped-def]
app\modules\ship\router.py:43: error: Incompatible return value type (got "Ship", expected "User")  [return-value]
app\modules\ship\router.py:47: error: Function is missing a return type annotation  [no-untyped-def]
app\modules\ship\router.py:60: error: Function is missing a return type annotation  [no-untyped-def]
app\modules\ship\router.py:73: error: Function is missing a return type annotation  [no-untyped-def]
app\modules\ship\router.py:85: error: Function is missing a return type annotation  [no-untyped-def]
app\modules\ship\router.py:92: error: "User" has no attribute "owner_id"  [attr-defined]
app\modules\ship\router.py:98: error: Function is missing a return type annotation  [no-untyped-def]
app\modules\ship\router.py:106: error: "User" has no attribute "owner_id"  [attr-defined]
app\modules\ship\router.py:109: error: Argument 2 to "update_ship" has incompatible type "User"; expected "Ship"  [arg-type]
app\modules\ship\router.py:115: error: Function is missing a return type annotation  [no-untyped-def]
app\modules\ship\router.py:124: error: Argument 2 to "verify_ship" has incompatible type "User"; expected "Ship"  [arg-type]
app\modules\port\router.py:67: error: Function is missing a return type annotation  [no-untyped-def]
app\modules\port\router.py:80: error: Function is missing a return type annotation  [no-untyped-def]
app\modules\port\router.py:94: error: Function is missing a return type annotation  [no-untyped-def]
app\modules\port\router.py:106: error: Function is missing a return type annotation  [no-untyped-def]
app\modules\port\router.py:128: error: Function is missing a return type annotation  [no-untyped-def]
app\modules\port\router.py:142: error: Function is missing a return type annotation  [no-untyped-def]
app\modules\port\router.py:159: error: Function is missing a return type annotation  [no-untyped-def]
app\modules\port\router.py:175: error: Function is missing a return type annotation  [no-untyped-def]
app\modules\port\router.py:191: error: Function is missing a return type annotation  [no-untyped-def]
app\modules\port\router.py:206: error: Function is missing a return type annotation  [no-untyped-def]
app\modules\port\router.py:220: error: Function is missing a return type annotation  [no-untyped-def]
app\modules\payment\router.py:26: error: Function is missing a return type annotation  [no-untyped-def]
app\modules\payment\router.py:39: error: Function is missing a return type annotation  [no-untyped-def]
app\modules\payment\router.py:58: error: Function is missing a return type annotation  [no-untyped-def]
app\modules\payment\router.py:71: error: Function is missing a return type annotation  [no-untyped-def]
app\modules\payment\router.py:90: error: Function is missing a return type annotation  [no-untyped-def]
app\modules\order\router.py:24: error: Function is missing a return type annotation  [no-untyped-def]
app\modules\order\router.py:37: error: Function is missing a return type annotation  [no-untyped-def]
app\modules\order\router.py:56: error: Function is missing a return type annotation  [no-untyped-def]
app\modules\order\router.py:80: error: Function is missing a return type annotation  [no-untyped-def]
app\modules\order\router.py:93: error: Function is missing a return type annotation  [no-untyped-def]
app\modules\order\router.py:117: error: Function is missing a return type annotation  [no-untyped-def]
app\modules\order\router.py:141: error: Function is missing a return type annotation  [no-untyped-def]
app\modules\cargo\router.py:38: error: Function is missing a return type annotation  [no-untyped-def]
app\modules\cargo\router.py:46: error: Function is missing a return type annotation  [no-untyped-def]
app\modules\cargo\router.py:59: error: Function is missing a return type annotation  [no-untyped-def]
app\modules\cargo\router.py:72: error: Function is missing a return type annotation  [no-untyped-def]
app\modules\cargo\router.py:82: error: Function is missing a return type annotation  [no-untyped-def]
app\modules\cargo\router.py:99: error: Function is missing a return type annotation  [no-untyped-def]
app\modules\cargo\router.py:113: error: Function is missing a return type annotation  [no-untyped-def]
app\modules\agent\service.py:62: error: Function is missing a type annotation for one or more parameters  [no-untyped-def]
app\modules\agent\service.py:101: error: Missing type arguments for generic type "dict"  [type-arg]
app\modules\agent\service.py:102: error: Missing type arguments for generic type "dict"  [type-arg]
app\modules\agent\service.py:104: error: Missing type arguments for generic type "dict"  [type-arg]
app\modules\agent\service.py:172: error: Missing type arguments for generic type "dict"  [type-arg]
app\modules\agent\service.py:206: error: Missing type arguments for generic type "dict"  [type-arg]
app\modules\agent\service.py:279: error: Missing type arguments for generic type "dict"  [type-arg]
app\modules\agent\service.py:337: error: Argument 2 to "render_contract" has incompatible type "Cargo | None"; expected "Cargo"  [arg-type]
app\modules\agent\service.py:337: error: Argument 3 to "render_contract" has incompatible type "Ship | None"; expected "Ship"  [arg-type]
app\modules\agent\service.py:337: error: Argument 4 to "render_contract" has incompatible type "User | None"; expected "User"  [arg-type]
app\modules\agent\service.py:337: error: Argument 5 to "render_contract" has incompatible type "User | None"; expected "User"  [arg-type]
app\modules\agent\service.py:341: error: Argument 2 to "check_risks" has incompatible type "Cargo | None"; expected "Cargo"  [arg-type]
app\modules\agent\service.py:341: error: Argument 3 to "check_risks" has incompatible type "Ship | None"; expected "Ship"  [arg-type]
app\modules\agent\service.py:347: error: Item "None" of "Cargo | None" has no attribute "cargo_type"  [union-attr]
app\modules\agent\service.py:347: error: Item "None" of "Cargo | None" has no attribute "weight_t"  [union-attr]
app\modules\agent\service.py:348: error: Item "None" of "Cargo | None" has no attribute "origin_port"  [union-attr]
app\modules\agent\service.py:348: error: Item "None" of "Cargo | None" has no attribute "dest_port"  [union-attr]
app\modules\agent\router.py:44: error: Function is missing a return type annotation  [no-untyped-def]
app\modules\agent\router.py:69: error: Function is missing a return type annotation  [no-untyped-def]
app\modules\agent\router.py:91: error: Function is missing a return type annotation  [no-untyped-def]
app\modules\match\router.py:28: error: Function is missing a return type annotation  [no-untyped-def]
app\modules\match\router.py:52: error: Function is missing a return type annotation  [no-untyped-def]
Found 82 errors in 19 files (checked 52 source files)
